../Core/Src/main.c:61:6:Set_Pin_Output	40	static
../Core/Src/main.c:69:6:Set_Pin_Input	40	static
../Core/Src/main.c:77:6:DHT11_Start	8	static
../Core/Src/main.c:85:9:Check_Response	16	static
../Core/Src/main.c:99:9:DHT11_Read	16	static
../Core/Src/main.c:116:6:printTemp	40	static
../Core/Src/main.c:122:6:printHum	40	static
../Core/Src/main.c:139:5:main	160	static
../Core/Src/main.c:227:6:SystemClock_Config	88	static
../Core/Src/main.c:269:13:MX_TIM6_Init	16	static
../Core/Src/main.c:308:13:MX_GPIO_Init	56	static
../Core/Src/main.c:377:6:Error_Handler	4	static,ignoring_inline_asm
